2026-08-19 16:41:56 - root - INFO - ======================================================================
2026-08-19 16:41:56 - root - INFO - Logging initialized
2026-08-19 16:41:56 - root - INFO - Log file: ./logs\20260819_164154\vanguarddd_20260819_164154.log
2026-08-19 16:41:56 - root - INFO - Log level: DEBUG
2026-08-19 16:41:56 - root - INFO - ======================================================================
2026-08-19 16:41:56 - selenium.webdriver.common.selenium_manager - DEBUG - Selenium Manager binary found at: C:\Users\Mark Castro\AppData\Local\Programs\Python\Python311\Lib\site-packages\selenium\webdriver\common\windows\selenium-manager.exe
2026-08-19 16:41:56 - selenium.webdriver.common.selenium_manager - DEBUG - Executing process: C:\Users\Mark Castro\AppData\Local\Programs\Python\Python311\Lib\site-packages\selenium\webdriver\common\windows\selenium-manager.exe --browser chrome --debug --language-binding python --output json
2026-08-19 16:41:58 - selenium.webdriver.common.selenium_manager - DEBUG - chromedriver not found in PATH
2026-08-19 16:41:58 - selenium.webdriver.common.selenium_manager - DEBUG - chrome detected at C:\Program Files\Google\Chrome\Application\chrome.exe
2026-08-19 16:41:58 - selenium.webdriver.common.selenium_manager - DEBUG - Running command: wmic datafile where name='C:\\Program Files\\Google\\Chrome\\Application\\chrome.exe' get Version /value
2026-08-19 16:41:58 - selenium.webdriver.common.selenium_manager - DEBUG - Output: "\r\r\n\r\r\nVersion=151.0.7922.138\r\r\n\r\r\n\r\r\n\r"
2026-08-19 16:41:58 - selenium.webdriver.common.selenium_manager - DEBUG - Detected browser: chrome 151.0.7922.138
2026-08-19 16:41:58 - selenium.webdriver.common.selenium_manager - DEBUG - Required driver: chromedriver 151.0.7922.138
2026-08-19 16:41:58 - selenium.webdriver.common.selenium_manager - DEBUG - chromedriver 151.0.7922.138 already in the cache
2026-08-19 16:41:58 - selenium.webdriver.common.selenium_manager - DEBUG - Driver path: C:\Users\Mark Castro\.cache\selenium\chromedriver\win64\151.0.7922.138\chromedriver.exe
2026-08-19 16:41:58 - selenium.webdriver.common.selenium_manager - DEBUG - Browser path: C:\Program Files\Google\Chrome\Application\chrome.exe
2026-08-19 16:41:58 - selenium.webdriver.common.service - DEBUG - Started executable: `C:\Users\Mark Castro\.cache\selenium\chromedriver\win64\151.0.7922.138\chromedriver.exe` in a child process with pid: 17192 using 0 to output -3
2026-08-19 16:41:58 - selenium.webdriver.remote.remote_connection - DEBUG - POST http://localhost:52034/session {'capabilities': {'firstMatch': [{}], 'alwaysMatch': {'browserName': 'chrome', 'pageLoadStrategy': <PageLoadStrategy.normal: 'normal'>, 'browserVersion': None, 'goog:chromeOptions': {'extensions': [], 'binary': 'C:\\Program Files\\Google\\Chrome\\Application\\chrome.exe', 'args': ['--headless', '--disable-gpu', '--no-sandbox', '--disable-dev-shm-usage', '--window-size=1920,1080', '--user-agent=Mozilla/5.0 (Windows NT 10.0; Win64; x64) AppleWebKit/537.36 (KHTML, like Gecko) Chrome/120.0.0.0 Safari/537.36']}}}}
2026-08-19 16:41:58 - urllib3.connectionpool - DEBUG - Starting new HTTP connection (1): localhost:52034
2026-08-19 16:42:00 - urllib3.connectionpool - DEBUG - http://localhost:52034 "POST /session HTTP/1.1" 200 0
2026-08-19 16:42:00 - selenium.webdriver.remote.remote_connection - DEBUG - Remote response: status=200 | data={"value":{"capabilities":{"acceptInsecureCerts":false,"browserName":"chrome","browserVersion":"151.0.7922.138","chrome":{"chromedriverVersion":"151.0.7922.138 (41fa82442390a4d4456c78f2d69a832d5720cb27-refs/branch-heads/7922@{#2891})","userDataDir":"C:\\Users\\MARKCA~1\\AppData\\Local\\Temp\\scoped_dir17192_1546903998"},"fedcm:accounts":true,"goog:chromeOptions":{"debuggerAddress":"localhost:52043"},"goog:processID":9708,"networkConnectionEnabled":false,"pageLoadStrategy":"normal","platformName":"windows","proxy":{},"setWindowRect":true,"strictFileInteractability":false,"timeouts":{"implicit":0,"pageLoad":300000,"script":30000},"unhandledPromptBehavior":"dismiss and notify","webauthn:extension:credBlob":true,"webauthn:extension:largeBlob":true,"webauthn:extension:minPinLength":true,"webauthn:extension:prf":true,"webauthn:virtualAuthenticators":true},"sessionId":"97cf10df55b3e30357a347ece4649c0f"}} | headers=HTTPHeaderDict({'Content-Length': '909', 'Content-Type': 'application/json; charset=utf-8', 'cache-control': 'no-cache'})
2026-08-19 16:42:00 - selenium.webdriver.remote.remote_connection - DEBUG - Finished Request
2026-08-19 16:42:00 - selenium.webdriver.remote.remote_connection - DEBUG - POST http://localhost:52034/session/97cf10df55b3e30357a347ece4649c0f/timeouts {'pageLoad': 60000}
2026-08-19 16:42:01 - urllib3.connectionpool - DEBUG - http://localhost:52034 "POST /session/97cf10df55b3e30357a347ece4649c0f/timeouts HTTP/1.1" 200 0
2026-08-19 16:42:01 - selenium.webdriver.remote.remote_connection - DEBUG - Remote response: status=200 | data={"value":null} | headers=HTTPHeaderDict({'Content-Length': '14', 'Content-Type': 'application/json; charset=utf-8', 'cache-control': 'no-cache'})
2026-08-19 16:42:01 - selenium.webdriver.remote.remote_connection - DEBUG - Finished Request
2026-08-19 16:42:01 - scraper - INFO - Chrome driver initialized
2026-08-19 16:42:01 - scraper - INFO - 
======================================================================
Scraping VCIT: https://investor.vanguard.com/etf/profile/overview/vcit
======================================================================
2026-08-19 16:42:01 - scraper - INFO - Navigating to https://investor.vanguard.com/etf/profile/overview/vcit
2026-08-19 16:42:01 - selenium.webdriver.remote.remote_connection - DEBUG - POST http://localhost:52034/session/97cf10df55b3e30357a347ece4649c0f/url {'url': 'https://investor.vanguard.com/etf/profile/overview/vcit'}
2026-08-19 16:42:13 - urllib3.connectionpool - DEBUG - http://localhost:52034 "POST /session/97cf10df55b3e30357a347ece4649c0f/url HTTP/1.1" 200 0
2026-08-19 16:42:13 - selenium.webdriver.remote.remote_connection - DEBUG - Remote response: status=200 | data={"value":null} | headers=HTTPHeaderDict({'Content-Length': '14', 'Content-Type': 'application/json; charset=utf-8', 'cache-control': 'no-cache'})
2026-08-19 16:42:13 - selenium.webdriver.remote.remote_connection - DEBUG - Finished Request
2026-08-19 16:42:13 - selenium.webdriver.remote.remote_connection - DEBUG - POST http://localhost:52034/session/97cf10df55b3e30357a347ece4649c0f/execute/sync {'script': "\n                var candidates = [\n                    document.querySelector('#onetrust-accept-btn...", 'args': []}
2026-08-19 16:42:14 - urllib3.connectionpool - DEBUG - http://localhost:52034 "POST /session/97cf10df55b3e30357a347ece4649c0f/execute/sync HTTP/1.1" 200 0
2026-08-19 16:42:14 - selenium.webdriver.remote.remote_connection - DEBUG - Remote response: status=200 | data={"value":null} | headers=HTTPHeaderDict({'Content-Length': '14', 'Content-Type': 'application/json; charset=utf-8', 'cache-control': 'no-cache'})
2026-08-19 16:42:14 - selenium.webdriver.remote.remote_connection - DEBUG - Finished Request
2026-08-19 16:42:14 - selenium.webdriver.remote.remote_connection - DEBUG - POST http://localhost:52034/session/97cf10df55b3e30357a347ece4649c0f/execute/sync {'script': "return document.querySelectorAll('[data-rpa-tag-id]').length > 0", 'args': []}
2026-08-19 16:42:14 - urllib3.connectionpool - DEBUG - http://localhost:52034 "POST /session/97cf10df55b3e30357a347ece4649c0f/execute/sync HTTP/1.1" 200 0
2026-08-19 16:42:14 - selenium.webdriver.remote.remote_connection - DEBUG - Remote response: status=200 | data={"value":true} | headers=HTTPHeaderDict({'Content-Length': '14', 'Content-Type': 'application/json; charset=utf-8', 'cache-control': 'no-cache'})
2026-08-19 16:42:14 - selenium.webdriver.remote.remote_connection - DEBUG - Finished Request
2026-08-19 16:42:14 - selenium.webdriver.remote.remote_connection - DEBUG - POST http://localhost:52034/session/97cf10df55b3e30357a347ece4649c0f/element {'using': 'css selector', 'value': '[data-rpa-tag-id="dashboard-symbol"]'}
2026-08-19 16:42:14 - urllib3.connectionpool - DEBUG - http://localhost:52034 "POST /session/97cf10df55b3e30357a347ece4649c0f/element HTTP/1.1" 200 0
2026-08-19 16:42:14 - selenium.webdriver.remote.remote_connection - DEBUG - Remote response: status=200 | data={"value":{"element-6066-11e4-a52e-4f735466cecf":"f.7C150CF39FD43042D79B72E355637178.d.A57F69BD3622012F0039B2D25582302B.e.77"}} | headers=HTTPHeaderDict({'Content-Length': '126', 'Content-Type': 'application/json; charset=utf-8', 'cache-control': 'no-cache'})
2026-08-19 16:42:14 - selenium.webdriver.remote.remote_connection - DEBUG - Finished Request
2026-08-19 16:42:14 - selenium.webdriver.remote.remote_connection - DEBUG - POST http://localhost:52034/session/97cf10df55b3e30357a347ece4649c0f/element {'using': 'css selector', 'value': '[data-rpa-tag-id="dashboard-symbol"]'}
2026-08-19 16:42:14 - urllib3.connectionpool - DEBUG - http://localhost:52034 "POST /session/97cf10df55b3e30357a347ece4649c0f/element HTTP/1.1" 200 0
2026-08-19 16:42:14 - selenium.webdriver.remote.remote_connection - DEBUG - Remote response: status=200 | data={"value":{"element-6066-11e4-a52e-4f735466cecf":"f.7C150CF39FD43042D79B72E355637178.d.A57F69BD3622012F0039B2D25582302B.e.77"}} | headers=HTTPHeaderDict({'Content-Length': '126', 'Content-Type': 'application/json; charset=utf-8', 'cache-control': 'no-cache'})
2026-08-19 16:42:14 - selenium.webdriver.remote.remote_connection - DEBUG - Finished Request
2026-08-19 16:42:14 - selenium.webdriver.remote.remote_connection - DEBUG - GET http://localhost:52034/session/97cf10df55b3e30357a347ece4649c0f/element/f.7C150CF39FD43042D79B72E355637178.d.A57F69BD3622012F0039B2D25582302B.e.77/text {}
2026-08-19 16:42:14 - urllib3.connectionpool - DEBUG - http://localhost:52034 "GET /session/97cf10df55b3e30357a347ece4649c0f/element/f.7C150CF39FD43042D79B72E355637178.d.A57F69BD3622012F0039B2D25582302B.e.77/text HTTP/1.1" 200 0
2026-08-19 16:42:14 - selenium.webdriver.remote.remote_connection - DEBUG - Remote response: status=200 | data={"value":"VCIT\nVanguard Intermediate-Term Corporate Bond ETF"} | headers=HTTPHeaderDict({'Content-Length': '63', 'Content-Type': 'application/json; charset=utf-8', 'cache-control': 'no-cache'})
2026-08-19 16:42:14 - selenium.webdriver.remote.remote_connection - DEBUG - Finished Request
2026-08-19 16:42:14 - scraper - INFO - Page ready — fund: 'VCIT\nVanguard Intermediate-Term Corporate Bond ETF'
2026-08-19 16:42:14 - selenium.webdriver.remote.remote_connection - DEBUG - POST http://localhost:52034/session/97cf10df55b3e30357a347ece4649c0f/element {'using': 'css selector', 'value': '[data-rpa-tag-id="dashboard-symbol"]'}
2026-08-19 16:42:14 - urllib3.connectionpool - DEBUG - http://localhost:52034 "POST /session/97cf10df55b3e30357a347ece4649c0f/element HTTP/1.1" 200 0
2026-08-19 16:42:14 - selenium.webdriver.remote.remote_connection - DEBUG - Remote response: status=200 | data={"value":{"element-6066-11e4-a52e-4f735466cecf":"f.7C150CF39FD43042D79B72E355637178.d.A57F69BD3622012F0039B2D25582302B.e.77"}} | headers=HTTPHeaderDict({'Content-Length': '126', 'Content-Type': 'application/json; charset=utf-8', 'cache-control': 'no-cache'})
2026-08-19 16:42:14 - selenium.webdriver.remote.remote_connection - DEBUG - Finished Request
2026-08-19 16:42:14 - selenium.webdriver.remote.remote_connection - DEBUG - GET http://localhost:52034/session/97cf10df55b3e30357a347ece4649c0f/element/f.7C150CF39FD43042D79B72E355637178.d.A57F69BD3622012F0039B2D25582302B.e.77/text {}
2026-08-19 16:42:14 - urllib3.connectionpool - DEBUG - http://localhost:52034 "GET /session/97cf10df55b3e30357a347ece4649c0f/element/f.7C150CF39FD43042D79B72E355637178.d.A57F69BD3622012F0039B2D25582302B.e.77/text HTTP/1.1" 200 0
2026-08-19 16:42:14 - selenium.webdriver.remote.remote_connection - DEBUG - Remote response: status=200 | data={"value":"VCIT\nVanguard Intermediate-Term Corporate Bond ETF"} | headers=HTTPHeaderDict({'Content-Length': '63', 'Content-Type': 'application/json; charset=utf-8', 'cache-control': 'no-cache'})
2026-08-19 16:42:14 - selenium.webdriver.remote.remote_connection - DEBUG - Finished Request
2026-08-19 16:42:14 - scraper - INFO - Verified fund: 'VCIT\nVanguard Intermediate-Term Corporate Bond ETF'
2026-08-19 16:42:14 - scraper - INFO - Scrolling to Portfolio Composition section...
2026-08-19 16:42:14 - selenium.webdriver.remote.remote_connection - DEBUG - POST http://localhost:52034/session/97cf10df55b3e30357a347ece4649c0f/element {'using': 'css selector', 'value': '[id*="portfolio-composition"]'}
2026-08-19 16:42:14 - urllib3.connectionpool - DEBUG - http://localhost:52034 "POST /session/97cf10df55b3e30357a347ece4649c0f/element HTTP/1.1" 200 0
2026-08-19 16:42:14 - selenium.webdriver.remote.remote_connection - DEBUG - Remote response: status=200 | data={"value":{"element-6066-11e4-a52e-4f735466cecf":"f.7C150CF39FD43042D79B72E355637178.d.A57F69BD3622012F0039B2D25582302B.e.78"}} | headers=HTTPHeaderDict({'Content-Length': '126', 'Content-Type': 'application/json; charset=utf-8', 'cache-control': 'no-cache'})
2026-08-19 16:42:14 - selenium.webdriver.remote.remote_connection - DEBUG - Finished Request
2026-08-19 16:42:14 - selenium.webdriver.remote.remote_connection - DEBUG - POST http://localhost:52034/session/97cf10df55b3e30357a347ece4649c0f/execute/sync {'script': "arguments[0].scrollIntoView({behavior: 'instant', block: 'center'});", 'args': [{'element-6066-11e4-a52e-4f735466cecf': 'f.7C150CF39FD43042D79B72E355637178.d.A57F69BD3622012F0039B2D25582302B.e.78'}]}
2026-08-19 16:42:14 - urllib3.connectionpool - DEBUG - http://localhost:52034 "POST /session/97cf10df55b3e30357a347ece4649c0f/execute/sync HTTP/1.1" 200 0
2026-08-19 16:42:14 - selenium.webdriver.remote.remote_connection - DEBUG - Remote response: status=200 | data={"value":null} | headers=HTTPHeaderDict({'Content-Length': '14', 'Content-Type': 'application/json; charset=utf-8', 'cache-control': 'no-cache'})
2026-08-19 16:42:14 - selenium.webdriver.remote.remote_connection - DEBUG - Finished Request
2026-08-19 16:42:14 - selenium.webdriver.remote.remote_connection - DEBUG - POST http://localhost:52034/session/97cf10df55b3e30357a347ece4649c0f/element {'using': 'css selector', 'value': '[data-rpa-tag-id="symbolAvgDuration"]'}
2026-08-19 16:42:14 - urllib3.connectionpool - DEBUG - http://localhost:52034 "POST /session/97cf10df55b3e30357a347ece4649c0f/element HTTP/1.1" 200 0
2026-08-19 16:42:14 - selenium.webdriver.remote.remote_connection - DEBUG - Remote response: status=200 | data={"value":{"element-6066-11e4-a52e-4f735466cecf":"f.7C150CF39FD43042D79B72E355637178.d.A57F69BD3622012F0039B2D25582302B.e.79"}} | headers=HTTPHeaderDict({'Content-Length': '126', 'Content-Type': 'application/json; charset=utf-8', 'cache-control': 'no-cache'})
2026-08-19 16:42:14 - selenium.webdriver.remote.remote_connection - DEBUG - Finished Request
2026-08-19 16:42:14 - scraper - INFO - Portfolio Composition rendered (symbolAvgDuration present)
2026-08-19 16:42:14 - scraper - INFO - Extracting portfolio characteristics date...
2026-08-19 16:42:14 - selenium.webdriver.remote.remote_connection - DEBUG - POST http://localhost:52034/session/97cf10df55b3e30357a347ece4649c0f/element {'using': 'css selector', 'value': '[data-rpa-tag-id="holdingDetailDate"]'}
2026-08-19 16:42:14 - urllib3.connectionpool - DEBUG - http://localhost:52034 "POST /session/97cf10df55b3e30357a347ece4649c0f/element HTTP/1.1" 200 0
2026-08-19 16:42:14 - selenium.webdriver.remote.remote_connection - DEBUG - Remote response: status=200 | data={"value":{"element-6066-11e4-a52e-4f735466cecf":"f.7C150CF39FD43042D79B72E355637178.d.A57F69BD3622012F0039B2D25582302B.e.80"}} | headers=HTTPHeaderDict({'Content-Length': '126', 'Content-Type': 'application/json; charset=utf-8', 'cache-control': 'no-cache'})
2026-08-19 16:42:14 - selenium.webdriver.remote.remote_connection - DEBUG - Finished Request
2026-08-19 16:42:14 - selenium.webdriver.remote.remote_connection - DEBUG - GET http://localhost:52034/session/97cf10df55b3e30357a347ece4649c0f/element/f.7C150CF39FD43042D79B72E355637178.d.A57F69BD3622012F0039B2D25582302B.e.80/text {}
2026-08-19 16:42:14 - urllib3.connectionpool - DEBUG - http://localhost:52034 "GET /session/97cf10df55b3e30357a347ece4649c0f/element/f.7C150CF39FD43042D79B72E355637178.d.A57F69BD3622012F0039B2D25582302B.e.80/text HTTP/1.1" 200 0
2026-08-19 16:42:14 - selenium.webdriver.remote.remote_connection - DEBUG - Remote response: status=200 | data={"value":"as of 07/31/2026"} | headers=HTTPHeaderDict({'Content-Length': '28', 'Content-Type': 'application/json; charset=utf-8', 'cache-control': 'no-cache'})
2026-08-19 16:42:14 - selenium.webdriver.remote.remote_connection - DEBUG - Finished Request
2026-08-19 16:42:14 - scraper - INFO - Date via RPA [holdingDetailDate]: 07/31/2026
2026-08-19 16:42:14 - scraper - INFO - Extracting Average Duration for VCIT...
2026-08-19 16:42:14 - selenium.webdriver.remote.remote_connection - DEBUG - POST http://localhost:52034/session/97cf10df55b3e30357a347ece4649c0f/element {'using': 'css selector', 'value': '[data-rpa-tag-id="symbolAvgDuration"]'}
2026-08-19 16:42:14 - urllib3.connectionpool - DEBUG - http://localhost:52034 "POST /session/97cf10df55b3e30357a347ece4649c0f/element HTTP/1.1" 200 0
2026-08-19 16:42:14 - selenium.webdriver.remote.remote_connection - DEBUG - Remote response: status=200 | data={"value":{"element-6066-11e4-a52e-4f735466cecf":"f.7C150CF39FD43042D79B72E355637178.d.A57F69BD3622012F0039B2D25582302B.e.79"}} | headers=HTTPHeaderDict({'Content-Length': '126', 'Content-Type': 'application/json; charset=utf-8', 'cache-control': 'no-cache'})
2026-08-19 16:42:14 - selenium.webdriver.remote.remote_connection - DEBUG - Finished Request
2026-08-19 16:42:14 - selenium.webdriver.remote.remote_connection - DEBUG - GET http://localhost:52034/session/97cf10df55b3e30357a347ece4649c0f/element/f.7C150CF39FD43042D79B72E355637178.d.A57F69BD3622012F0039B2D25582302B.e.79/text {}
2026-08-19 16:42:14 - urllib3.connectionpool - DEBUG - http://localhost:52034 "GET /session/97cf10df55b3e30357a347ece4649c0f/element/f.7C150CF39FD43042D79B72E355637178.d.A57F69BD3622012F0039B2D25582302B.e.79/text HTTP/1.1" 200 0
2026-08-19 16:42:14 - selenium.webdriver.remote.remote_connection - DEBUG - Remote response: status=200 | data={"value":"6.0 years"} | headers=HTTPHeaderDict({'Content-Length': '21', 'Content-Type': 'application/json; charset=utf-8', 'cache-control': 'no-cache'})
2026-08-19 16:42:14 - selenium.webdriver.remote.remote_connection - DEBUG - Finished Request
2026-08-19 16:42:14 - scraper - INFO - Duration via RPA [symbolAvgDuration]: 6.0 years
2026-08-19 16:42:14 - scraper - INFO - SUCCESS VCIT: date=07/31/2026, duration=6.0 years
2026-08-19 16:42:14 - scraper - INFO - 
======================================================================
Scraping VCSH: https://investor.vanguard.com/etf/profile/overview/vcsh
======================================================================
2026-08-19 16:42:14 - scraper - INFO - Navigating to https://investor.vanguard.com/etf/profile/overview/vcsh
2026-08-19 16:42:14 - selenium.webdriver.remote.remote_connection - DEBUG - POST http://localhost:52034/session/97cf10df55b3e30357a347ece4649c0f/url {'url': 'https://investor.vanguard.com/etf/profile/overview/vcsh'}
2026-08-19 16:42:19 - urllib3.connectionpool - DEBUG - http://localhost:52034 "POST /session/97cf10df55b3e30357a347ece4649c0f/url HTTP/1.1" 200 0
2026-08-19 16:42:19 - selenium.webdriver.remote.remote_connection - DEBUG - Remote response: status=200 | data={"value":null} | headers=HTTPHeaderDict({'Content-Length': '14', 'Content-Type': 'application/json; charset=utf-8', 'cache-control': 'no-cache'})
2026-08-19 16:42:19 - selenium.webdriver.remote.remote_connection - DEBUG - Finished Request
2026-08-19 16:42:19 - selenium.webdriver.remote.remote_connection - DEBUG - POST http://localhost:52034/session/97cf10df55b3e30357a347ece4649c0f/execute/sync {'script': "\n                var candidates = [\n                    document.querySelector('#onetrust-accept-btn...", 'args': []}
2026-08-19 16:42:19 - urllib3.connectionpool - DEBUG - http://localhost:52034 "POST /session/97cf10df55b3e30357a347ece4649c0f/execute/sync HTTP/1.1" 200 0
2026-08-19 16:42:19 - selenium.webdriver.remote.remote_connection - DEBUG - Remote response: status=200 | data={"value":null} | headers=HTTPHeaderDict({'Content-Length': '14', 'Content-Type': 'application/json; charset=utf-8', 'cache-control': 'no-cache'})
2026-08-19 16:42:19 - selenium.webdriver.remote.remote_connection - DEBUG - Finished Request
2026-08-19 16:42:19 - selenium.webdriver.remote.remote_connection - DEBUG - POST http://localhost:52034/session/97cf10df55b3e30357a347ece4649c0f/execute/sync {'script': "return document.querySelectorAll('[data-rpa-tag-id]').length > 0", 'args': []}
2026-08-19 16:42:19 - urllib3.connectionpool - DEBUG - http://localhost:52034 "POST /session/97cf10df55b3e30357a347ece4649c0f/execute/sync HTTP/1.1" 200 0
2026-08-19 16:42:19 - selenium.webdriver.remote.remote_connection - DEBUG - Remote response: status=200 | data={"value":true} | headers=HTTPHeaderDict({'Content-Length': '14', 'Content-Type': 'application/json; charset=utf-8', 'cache-control': 'no-cache'})
2026-08-19 16:42:19 - selenium.webdriver.remote.remote_connection - DEBUG - Finished Request
2026-08-19 16:42:19 - selenium.webdriver.remote.remote_connection - DEBUG - POST http://localhost:52034/session/97cf10df55b3e30357a347ece4649c0f/element {'using': 'css selector', 'value': '[data-rpa-tag-id="dashboard-symbol"]'}
2026-08-19 16:42:19 - urllib3.connectionpool - DEBUG - http://localhost:52034 "POST /session/97cf10df55b3e30357a347ece4649c0f/element HTTP/1.1" 200 0
2026-08-19 16:42:19 - selenium.webdriver.remote.remote_connection - DEBUG - Remote response: status=200 | data={"value":{"element-6066-11e4-a52e-4f735466cecf":"f.7C150CF39FD43042D79B72E355637178.d.5E714ED1A2D26A9B707E62E1FBD8797F.e.153"}} | headers=HTTPHeaderDict({'Content-Length': '127', 'Content-Type': 'application/json; charset=utf-8', 'cache-control': 'no-cache'})
2026-08-19 16:42:19 - selenium.webdriver.remote.remote_connection - DEBUG - Finished Request
2026-08-19 16:42:19 - selenium.webdriver.remote.remote_connection - DEBUG - POST http://localhost:52034/session/97cf10df55b3e30357a347ece4649c0f/element {'using': 'css selector', 'value': '[data-rpa-tag-id="dashboard-symbol"]'}
2026-08-19 16:42:19 - urllib3.connectionpool - DEBUG - http://localhost:52034 "POST /session/97cf10df55b3e30357a347ece4649c0f/element HTTP/1.1" 200 0
2026-08-19 16:42:19 - selenium.webdriver.remote.remote_connection - DEBUG - Remote response: status=200 | data={"value":{"element-6066-11e4-a52e-4f735466cecf":"f.7C150CF39FD43042D79B72E355637178.d.5E714ED1A2D26A9B707E62E1FBD8797F.e.153"}} | headers=HTTPHeaderDict({'Content-Length': '127', 'Content-Type': 'application/json; charset=utf-8', 'cache-control': 'no-cache'})
2026-08-19 16:42:19 - selenium.webdriver.remote.remote_connection - DEBUG - Finished Request
2026-08-19 16:42:19 - selenium.webdriver.remote.remote_connection - DEBUG - GET http://localhost:52034/session/97cf10df55b3e30357a347ece4649c0f/element/f.7C150CF39FD43042D79B72E355637178.d.5E714ED1A2D26A9B707E62E1FBD8797F.e.153/text {}
2026-08-19 16:42:19 - urllib3.connectionpool - DEBUG - http://localhost:52034 "GET /session/97cf10df55b3e30357a347ece4649c0f/element/f.7C150CF39FD43042D79B72E355637178.d.5E714ED1A2D26A9B707E62E1FBD8797F.e.153/text HTTP/1.1" 200 0
2026-08-19 16:42:19 - selenium.webdriver.remote.remote_connection - DEBUG - Remote response: status=200 | data={"value":"VCSH\nVanguard Short-Term Corporate Bond ETF"} | headers=HTTPHeaderDict({'Content-Length': '56', 'Content-Type': 'application/json; charset=utf-8', 'cache-control': 'no-cache'})
2026-08-19 16:42:19 - selenium.webdriver.remote.remote_connection - DEBUG - Finished Request
2026-08-19 16:42:19 - scraper - INFO - Page ready — fund: 'VCSH\nVanguard Short-Term Corporate Bond ETF'
2026-08-19 16:42:19 - selenium.webdriver.remote.remote_connection - DEBUG - POST http://localhost:52034/session/97cf10df55b3e30357a347ece4649c0f/element {'using': 'css selector', 'value': '[data-rpa-tag-id="dashboard-symbol"]'}
2026-08-19 16:42:19 - urllib3.connectionpool - DEBUG - http://localhost:52034 "POST /session/97cf10df55b3e30357a347ece4649c0f/element HTTP/1.1" 200 0
2026-08-19 16:42:19 - selenium.webdriver.remote.remote_connection - DEBUG - Remote response: status=200 | data={"value":{"element-6066-11e4-a52e-4f735466cecf":"f.7C150CF39FD43042D79B72E355637178.d.5E714ED1A2D26A9B707E62E1FBD8797F.e.153"}} | headers=HTTPHeaderDict({'Content-Length': '127', 'Content-Type': 'application/json; charset=utf-8', 'cache-control': 'no-cache'})
2026-08-19 16:42:19 - selenium.webdriver.remote.remote_connection - DEBUG - Finished Request
2026-08-19 16:42:19 - selenium.webdriver.remote.remote_connection - DEBUG - GET http://localhost:52034/session/97cf10df55b3e30357a347ece4649c0f/element/f.7C150CF39FD43042D79B72E355637178.d.5E714ED1A2D26A9B707E62E1FBD8797F.e.153/text {}
2026-08-19 16:42:20 - urllib3.connectionpool - DEBUG - http://localhost:52034 "GET /session/97cf10df55b3e30357a347ece4649c0f/element/f.7C150CF39FD43042D79B72E355637178.d.5E714ED1A2D26A9B707E62E1FBD8797F.e.153/text HTTP/1.1" 200 0
2026-08-19 16:42:20 - selenium.webdriver.remote.remote_connection - DEBUG - Remote response: status=200 | data={"value":"VCSH\nVanguard Short-Term Corporate Bond ETF"} | headers=HTTPHeaderDict({'Content-Length': '56', 'Content-Type': 'application/json; charset=utf-8', 'cache-control': 'no-cache'})
2026-08-19 16:42:20 - selenium.webdriver.remote.remote_connection - DEBUG - Finished Request
2026-08-19 16:42:20 - scraper - INFO - Verified fund: 'VCSH\nVanguard Short-Term Corporate Bond ETF'
2026-08-19 16:42:20 - scraper - INFO - Scrolling to Portfolio Composition section...
2026-08-19 16:42:20 - selenium.webdriver.remote.remote_connection - DEBUG - POST http://localhost:52034/session/97cf10df55b3e30357a347ece4649c0f/element {'using': 'css selector', 'value': '[id*="portfolio-composition"]'}
2026-08-19 16:42:20 - urllib3.connectionpool - DEBUG - http://localhost:52034 "POST /session/97cf10df55b3e30357a347ece4649c0f/element HTTP/1.1" 200 0
2026-08-19 16:42:20 - selenium.webdriver.remote.remote_connection - DEBUG - Remote response: status=200 | data={"value":{"element-6066-11e4-a52e-4f735466cecf":"f.7C150CF39FD43042D79B72E355637178.d.5E714ED1A2D26A9B707E62E1FBD8797F.e.154"}} | headers=HTTPHeaderDict({'Content-Length': '127', 'Content-Type': 'application/json; charset=utf-8', 'cache-control': 'no-cache'})
2026-08-19 16:42:20 - selenium.webdriver.remote.remote_connection - DEBUG - Finished Request
2026-08-19 16:42:20 - selenium.webdriver.remote.remote_connection - DEBUG - POST http://localhost:52034/session/97cf10df55b3e30357a347ece4649c0f/execute/sync {'script': "arguments[0].scrollIntoView({behavior: 'instant', block: 'center'});", 'args': [{'element-6066-11e4-a52e-4f735466cecf': 'f.7C150CF39FD43042D79B72E355637178.d.5E714ED1A2D26A9B707E62E1FBD8797F.e.154'}]}
2026-08-19 16:42:20 - urllib3.connectionpool - DEBUG - http://localhost:52034 "POST /session/97cf10df55b3e30357a347ece4649c0f/execute/sync HTTP/1.1" 200 0
2026-08-19 16:42:20 - selenium.webdriver.remote.remote_connection - DEBUG - Remote response: status=200 | data={"value":null} | headers=HTTPHeaderDict({'Content-Length': '14', 'Content-Type': 'application/json; charset=utf-8', 'cache-control': 'no-cache'})
2026-08-19 16:42:20 - selenium.webdriver.remote.remote_connection - DEBUG - Finished Request
2026-08-19 16:42:20 - selenium.webdriver.remote.remote_connection - DEBUG - POST http://localhost:52034/session/97cf10df55b3e30357a347ece4649c0f/element {'using': 'css selector', 'value': '[data-rpa-tag-id="symbolAvgDuration"]'}
2026-08-19 16:42:20 - urllib3.connectionpool - DEBUG - http://localhost:52034 "POST /session/97cf10df55b3e30357a347ece4649c0f/element HTTP/1.1" 200 0
2026-08-19 16:42:20 - selenium.webdriver.remote.remote_connection - DEBUG - Remote response: status=200 | data={"value":{"element-6066-11e4-a52e-4f735466cecf":"f.7C150CF39FD43042D79B72E355637178.d.5E714ED1A2D26A9B707E62E1FBD8797F.e.155"}} | headers=HTTPHeaderDict({'Content-Length': '127', 'Content-Type': 'application/json; charset=utf-8', 'cache-control': 'no-cache'})
2026-08-19 16:42:20 - selenium.webdriver.remote.remote_connection - DEBUG - Finished Request
2026-08-19 16:42:20 - scraper - INFO - Portfolio Composition rendered (symbolAvgDuration present)
2026-08-19 16:42:20 - scraper - INFO - Extracting portfolio characteristics date...
2026-08-19 16:42:20 - selenium.webdriver.remote.remote_connection - DEBUG - POST http://localhost:52034/session/97cf10df55b3e30357a347ece4649c0f/element {'using': 'css selector', 'value': '[data-rpa-tag-id="holdingDetailDate"]'}
2026-08-19 16:42:20 - urllib3.connectionpool - DEBUG - http://localhost:52034 "POST /session/97cf10df55b3e30357a347ece4649c0f/element HTTP/1.1" 200 0
2026-08-19 16:42:20 - selenium.webdriver.remote.remote_connection - DEBUG - Remote response: status=200 | data={"value":{"element-6066-11e4-a52e-4f735466cecf":"f.7C150CF39FD43042D79B72E355637178.d.5E714ED1A2D26A9B707E62E1FBD8797F.e.156"}} | headers=HTTPHeaderDict({'Content-Length': '127', 'Content-Type': 'application/json; charset=utf-8', 'cache-control': 'no-cache'})
2026-08-19 16:42:20 - selenium.webdriver.remote.remote_connection - DEBUG - Finished Request
2026-08-19 16:42:20 - selenium.webdriver.remote.remote_connection - DEBUG - GET http://localhost:52034/session/97cf10df55b3e30357a347ece4649c0f/element/f.7C150CF39FD43042D79B72E355637178.d.5E714ED1A2D26A9B707E62E1FBD8797F.e.156/text {}
2026-08-19 16:42:20 - urllib3.connectionpool - DEBUG - http://localhost:52034 "GET /session/97cf10df55b3e30357a347ece4649c0f/element/f.7C150CF39FD43042D79B72E355637178.d.5E714ED1A2D26A9B707E62E1FBD8797F.e.156/text HTTP/1.1" 200 0
2026-08-19 16:42:20 - selenium.webdriver.remote.remote_connection - DEBUG - Remote response: status=200 | data={"value":"as of 07/31/2026"} | headers=HTTPHeaderDict({'Content-Length': '28', 'Content-Type': 'application/json; charset=utf-8', 'cache-control': 'no-cache'})
2026-08-19 16:42:20 - selenium.webdriver.remote.remote_connection - DEBUG - Finished Request
2026-08-19 16:42:20 - scraper - INFO - Date via RPA [holdingDetailDate]: 07/31/2026
2026-08-19 16:42:20 - scraper - INFO - Extracting Average Duration for VCSH...
2026-08-19 16:42:20 - selenium.webdriver.remote.remote_connection - DEBUG - POST http://localhost:52034/session/97cf10df55b3e30357a347ece4649c0f/element {'using': 'css selector', 'value': '[data-rpa-tag-id="symbolAvgDuration"]'}
2026-08-19 16:42:20 - urllib3.connectionpool - DEBUG - http://localhost:52034 "POST /session/97cf10df55b3e30357a347ece4649c0f/element HTTP/1.1" 200 0
2026-08-19 16:42:20 - selenium.webdriver.remote.remote_connection - DEBUG - Remote response: status=200 | data={"value":{"element-6066-11e4-a52e-4f735466cecf":"f.7C150CF39FD43042D79B72E355637178.d.5E714ED1A2D26A9B707E62E1FBD8797F.e.155"}} | headers=HTTPHeaderDict({'Content-Length': '127', 'Content-Type': 'application/json; charset=utf-8', 'cache-control': 'no-cache'})
2026-08-19 16:42:20 - selenium.webdriver.remote.remote_connection - DEBUG - Finished Request
2026-08-19 16:42:20 - selenium.webdriver.remote.remote_connection - DEBUG - GET http://localhost:52034/session/97cf10df55b3e30357a347ece4649c0f/element/f.7C150CF39FD43042D79B72E355637178.d.5E714ED1A2D26A9B707E62E1FBD8797F.e.155/text {}
2026-08-19 16:42:20 - urllib3.connectionpool - DEBUG - http://localhost:52034 "GET /session/97cf10df55b3e30357a347ece4649c0f/element/f.7C150CF39FD43042D79B72E355637178.d.5E714ED1A2D26A9B707E62E1FBD8797F.e.155/text HTTP/1.1" 200 0
2026-08-19 16:42:20 - selenium.webdriver.remote.remote_connection - DEBUG - Remote response: status=200 | data={"value":"2.7 years"} | headers=HTTPHeaderDict({'Content-Length': '21', 'Content-Type': 'application/json; charset=utf-8', 'cache-control': 'no-cache'})
2026-08-19 16:42:20 - selenium.webdriver.remote.remote_connection - DEBUG - Finished Request
2026-08-19 16:42:20 - scraper - INFO - Duration via RPA [symbolAvgDuration]: 2.7 years
2026-08-19 16:42:20 - scraper - INFO - SUCCESS VCSH: date=07/31/2026, duration=2.7 years
2026-08-19 16:42:20 - scraper - INFO - 
======================================================================
Scraping VCLT: https://investor.vanguard.com/etf/profile/overview/vclt
======================================================================
2026-08-19 16:42:20 - scraper - INFO - Navigating to https://investor.vanguard.com/etf/profile/overview/vclt
2026-08-19 16:42:20 - selenium.webdriver.remote.remote_connection - DEBUG - POST http://localhost:52034/session/97cf10df55b3e30357a347ece4649c0f/url {'url': 'https://investor.vanguard.com/etf/profile/overview/vclt'}
2026-08-19 16:42:22 - urllib3.connectionpool - DEBUG - http://localhost:52034 "POST /session/97cf10df55b3e30357a347ece4649c0f/url HTTP/1.1" 200 0
2026-08-19 16:42:22 - selenium.webdriver.remote.remote_connection - DEBUG - Remote response: status=200 | data={"value":null} | headers=HTTPHeaderDict({'Content-Length': '14', 'Content-Type': 'application/json; charset=utf-8', 'cache-control': 'no-cache'})
2026-08-19 16:42:22 - selenium.webdriver.remote.remote_connection - DEBUG - Finished Request
2026-08-19 16:42:22 - selenium.webdriver.remote.remote_connection - DEBUG - POST http://localhost:52034/session/97cf10df55b3e30357a347ece4649c0f/execute/sync {'script': "\n                var candidates = [\n                    document.querySelector('#onetrust-accept-btn...", 'args': []}
2026-08-19 16:42:23 - urllib3.connectionpool - DEBUG - http://localhost:52034 "POST /session/97cf10df55b3e30357a347ece4649c0f/execute/sync HTTP/1.1" 200 0
2026-08-19 16:42:23 - selenium.webdriver.remote.remote_connection - DEBUG - Remote response: status=200 | data={"value":null} | headers=HTTPHeaderDict({'Content-Length': '14', 'Content-Type': 'application/json; charset=utf-8', 'cache-control': 'no-cache'})
2026-08-19 16:42:23 - selenium.webdriver.remote.remote_connection - DEBUG - Finished Request
2026-08-19 16:42:23 - selenium.webdriver.remote.remote_connection - DEBUG - POST http://localhost:52034/session/97cf10df55b3e30357a347ece4649c0f/execute/sync {'script': "return document.querySelectorAll('[data-rpa-tag-id]').length > 0", 'args': []}
2026-08-19 16:42:24 - urllib3.connectionpool - DEBUG - http://localhost:52034 "POST /session/97cf10df55b3e30357a347ece4649c0f/execute/sync HTTP/1.1" 200 0
2026-08-19 16:42:24 - selenium.webdriver.remote.remote_connection - DEBUG - Remote response: status=200 | data={"value":true} | headers=HTTPHeaderDict({'Content-Length': '14', 'Content-Type': 'application/json; charset=utf-8', 'cache-control': 'no-cache'})
2026-08-19 16:42:24 - selenium.webdriver.remote.remote_connection - DEBUG - Finished Request
2026-08-19 16:42:24 - selenium.webdriver.remote.remote_connection - DEBUG - POST http://localhost:52034/session/97cf10df55b3e30357a347ece4649c0f/element {'using': 'css selector', 'value': '[data-rpa-tag-id="dashboard-symbol"]'}
2026-08-19 16:42:24 - urllib3.connectionpool - DEBUG - http://localhost:52034 "POST /session/97cf10df55b3e30357a347ece4649c0f/element HTTP/1.1" 200 0
2026-08-19 16:42:24 - selenium.webdriver.remote.remote_connection - DEBUG - Remote response: status=200 | data={"value":{"element-6066-11e4-a52e-4f735466cecf":"f.7C150CF39FD43042D79B72E355637178.d.C27C7DD702C4A2D2B563A309BDAA49A0.e.239"}} | headers=HTTPHeaderDict({'Content-Length': '127', 'Content-Type': 'application/json; charset=utf-8', 'cache-control': 'no-cache'})
2026-08-19 16:42:24 - selenium.webdriver.remote.remote_connection - DEBUG - Finished Request
2026-08-19 16:42:24 - selenium.webdriver.remote.remote_connection - DEBUG - POST http://localhost:52034/session/97cf10df55b3e30357a347ece4649c0f/element {'using': 'css selector', 'value': '[data-rpa-tag-id="dashboard-symbol"]'}
2026-08-19 16:42:24 - urllib3.connectionpool - DEBUG - http://localhost:52034 "POST /session/97cf10df55b3e30357a347ece4649c0f/element HTTP/1.1" 200 0
2026-08-19 16:42:24 - selenium.webdriver.remote.remote_connection - DEBUG - Remote response: status=200 | data={"value":{"element-6066-11e4-a52e-4f735466cecf":"f.7C150CF39FD43042D79B72E355637178.d.C27C7DD702C4A2D2B563A309BDAA49A0.e.239"}} | headers=HTTPHeaderDict({'Content-Length': '127', 'Content-Type': 'application/json; charset=utf-8', 'cache-control': 'no-cache'})
2026-08-19 16:42:24 - selenium.webdriver.remote.remote_connection - DEBUG - Finished Request
2026-08-19 16:42:24 - selenium.webdriver.remote.remote_connection - DEBUG - GET http://localhost:52034/session/97cf10df55b3e30357a347ece4649c0f/element/f.7C150CF39FD43042D79B72E355637178.d.C27C7DD702C4A2D2B563A309BDAA49A0.e.239/text {}
2026-08-19 16:42:24 - urllib3.connectionpool - DEBUG - http://localhost:52034 "GET /session/97cf10df55b3e30357a347ece4649c0f/element/f.7C150CF39FD43042D79B72E355637178.d.C27C7DD702C4A2D2B563A309BDAA49A0.e.239/text HTTP/1.1" 200 0
2026-08-19 16:42:24 - selenium.webdriver.remote.remote_connection - DEBUG - Remote response: status=200 | data={"value":"VCLT\nVanguard Long-Term Corporate Bond ETF"} | headers=HTTPHeaderDict({'Content-Length': '55', 'Content-Type': 'application/json; charset=utf-8', 'cache-control': 'no-cache'})
2026-08-19 16:42:24 - selenium.webdriver.remote.remote_connection - DEBUG - Finished Request
2026-08-19 16:42:24 - scraper - INFO - Page ready — fund: 'VCLT\nVanguard Long-Term Corporate Bond ETF'
2026-08-19 16:42:24 - selenium.webdriver.remote.remote_connection - DEBUG - POST http://localhost:52034/session/97cf10df55b3e30357a347ece4649c0f/element {'using': 'css selector', 'value': '[data-rpa-tag-id="dashboard-symbol"]'}
2026-08-19 16:42:24 - urllib3.connectionpool - DEBUG - http://localhost:52034 "POST /session/97cf10df55b3e30357a347ece4649c0f/element HTTP/1.1" 200 0
2026-08-19 16:42:24 - selenium.webdriver.remote.remote_connection - DEBUG - Remote response: status=200 | data={"value":{"element-6066-11e4-a52e-4f735466cecf":"f.7C150CF39FD43042D79B72E355637178.d.C27C7DD702C4A2D2B563A309BDAA49A0.e.239"}} | headers=HTTPHeaderDict({'Content-Length': '127', 'Content-Type': 'application/json; charset=utf-8', 'cache-control': 'no-cache'})
2026-08-19 16:42:24 - selenium.webdriver.remote.remote_connection - DEBUG - Finished Request
2026-08-19 16:42:24 - selenium.webdriver.remote.remote_connection - DEBUG - GET http://localhost:52034/session/97cf10df55b3e30357a347ece4649c0f/element/f.7C150CF39FD43042D79B72E355637178.d.C27C7DD702C4A2D2B563A309BDAA49A0.e.239/text {}
2026-08-19 16:42:24 - urllib3.connectionpool - DEBUG - http://localhost:52034 "GET /session/97cf10df55b3e30357a347ece4649c0f/element/f.7C150CF39FD43042D79B72E355637178.d.C27C7DD702C4A2D2B563A309BDAA49A0.e.239/text HTTP/1.1" 200 0
2026-08-19 16:42:24 - selenium.webdriver.remote.remote_connection - DEBUG - Remote response: status=200 | data={"value":"VCLT\nVanguard Long-Term Corporate Bond ETF"} | headers=HTTPHeaderDict({'Content-Length': '55', 'Content-Type': 'application/json; charset=utf-8', 'cache-control': 'no-cache'})
2026-08-19 16:42:24 - selenium.webdriver.remote.remote_connection - DEBUG - Finished Request
2026-08-19 16:42:24 - scraper - INFO - Verified fund: 'VCLT\nVanguard Long-Term Corporate Bond ETF'
2026-08-19 16:42:24 - scraper - INFO - Scrolling to Portfolio Composition section...
2026-08-19 16:42:24 - selenium.webdriver.remote.remote_connection - DEBUG - POST http://localhost:52034/session/97cf10df55b3e30357a347ece4649c0f/element {'using': 'css selector', 'value': '[id*="portfolio-composition"]'}
2026-08-19 16:42:24 - urllib3.connectionpool - DEBUG - http://localhost:52034 "POST /session/97cf10df55b3e30357a347ece4649c0f/element HTTP/1.1" 200 0
2026-08-19 16:42:24 - selenium.webdriver.remote.remote_connection - DEBUG - Remote response: status=200 | data={"value":{"element-6066-11e4-a52e-4f735466cecf":"f.7C150CF39FD43042D79B72E355637178.d.C27C7DD702C4A2D2B563A309BDAA49A0.e.240"}} | headers=HTTPHeaderDict({'Content-Length': '127', 'Content-Type': 'application/json; charset=utf-8', 'cache-control': 'no-cache'})
2026-08-19 16:42:24 - selenium.webdriver.remote.remote_connection - DEBUG - Finished Request
2026-08-19 16:42:24 - selenium.webdriver.remote.remote_connection - DEBUG - POST http://localhost:52034/session/97cf10df55b3e30357a347ece4649c0f/execute/sync {'script': "arguments[0].scrollIntoView({behavior: 'instant', block: 'center'});", 'args': [{'element-6066-11e4-a52e-4f735466cecf': 'f.7C150CF39FD43042D79B72E355637178.d.C27C7DD702C4A2D2B563A309BDAA49A0.e.240'}]}
2026-08-19 16:42:24 - urllib3.connectionpool - DEBUG - http://localhost:52034 "POST /session/97cf10df55b3e30357a347ece4649c0f/execute/sync HTTP/1.1" 200 0
2026-08-19 16:42:25 - selenium.webdriver.remote.remote_connection - DEBUG - Remote response: status=200 | data={"value":null} | headers=HTTPHeaderDict({'Content-Length': '14', 'Content-Type': 'application/json; charset=utf-8', 'cache-control': 'no-cache'})
2026-08-19 16:42:25 - selenium.webdriver.remote.remote_connection - DEBUG - Finished Request
2026-08-19 16:42:25 - selenium.webdriver.remote.remote_connection - DEBUG - POST http://localhost:52034/session/97cf10df55b3e30357a347ece4649c0f/element {'using': 'css selector', 'value': '[data-rpa-tag-id="symbolAvgDuration"]'}
2026-08-19 16:42:25 - urllib3.connectionpool - DEBUG - http://localhost:52034 "POST /session/97cf10df55b3e30357a347ece4649c0f/element HTTP/1.1" 200 0
2026-08-19 16:42:25 - selenium.webdriver.remote.remote_connection - DEBUG - Remote response: status=200 | data={"value":{"element-6066-11e4-a52e-4f735466cecf":"f.7C150CF39FD43042D79B72E355637178.d.C27C7DD702C4A2D2B563A309BDAA49A0.e.241"}} | headers=HTTPHeaderDict({'Content-Length': '127', 'Content-Type': 'application/json; charset=utf-8', 'cache-control': 'no-cache'})
2026-08-19 16:42:25 - selenium.webdriver.remote.remote_connection - DEBUG - Finished Request
2026-08-19 16:42:25 - scraper - INFO - Portfolio Composition rendered (symbolAvgDuration present)
2026-08-19 16:42:25 - scraper - INFO - Extracting portfolio characteristics date...
2026-08-19 16:42:25 - selenium.webdriver.remote.remote_connection - DEBUG - POST http://localhost:52034/session/97cf10df55b3e30357a347ece4649c0f/element {'using': 'css selector', 'value': '[data-rpa-tag-id="holdingDetailDate"]'}
2026-08-19 16:42:25 - urllib3.connectionpool - DEBUG - http://localhost:52034 "POST /session/97cf10df55b3e30357a347ece4649c0f/element HTTP/1.1" 200 0
2026-08-19 16:42:25 - selenium.webdriver.remote.remote_connection - DEBUG - Remote response: status=200 | data={"value":{"element-6066-11e4-a52e-4f735466cecf":"f.7C150CF39FD43042D79B72E355637178.d.C27C7DD702C4A2D2B563A309BDAA49A0.e.242"}} | headers=HTTPHeaderDict({'Content-Length': '127', 'Content-Type': 'application/json; charset=utf-8', 'cache-control': 'no-cache'})
2026-08-19 16:42:25 - selenium.webdriver.remote.remote_connection - DEBUG - Finished Request
2026-08-19 16:42:25 - selenium.webdriver.remote.remote_connection - DEBUG - GET http://localhost:52034/session/97cf10df55b3e30357a347ece4649c0f/element/f.7C150CF39FD43042D79B72E355637178.d.C27C7DD702C4A2D2B563A309BDAA49A0.e.242/text {}
2026-08-19 16:42:25 - urllib3.connectionpool - DEBUG - http://localhost:52034 "GET /session/97cf10df55b3e30357a347ece4649c0f/element/f.7C150CF39FD43042D79B72E355637178.d.C27C7DD702C4A2D2B563A309BDAA49A0.e.242/text HTTP/1.1" 200 0
2026-08-19 16:42:25 - selenium.webdriver.remote.remote_connection - DEBUG - Remote response: status=200 | data={"value":"as of 07/31/2026"} | headers=HTTPHeaderDict({'Content-Length': '28', 'Content-Type': 'application/json; charset=utf-8', 'cache-control': 'no-cache'})
2026-08-19 16:42:25 - selenium.webdriver.remote.remote_connection - DEBUG - Finished Request
2026-08-19 16:42:25 - scraper - INFO - Date via RPA [holdingDetailDate]: 07/31/2026
2026-08-19 16:42:25 - scraper - INFO - Extracting Average Duration for VCLT...
2026-08-19 16:42:25 - selenium.webdriver.remote.remote_connection - DEBUG - POST http://localhost:52034/session/97cf10df55b3e30357a347ece4649c0f/element {'using': 'css selector', 'value': '[data-rpa-tag-id="symbolAvgDuration"]'}
2026-08-19 16:42:25 - urllib3.connectionpool - DEBUG - http://localhost:52034 "POST /session/97cf10df55b3e30357a347ece4649c0f/element HTTP/1.1" 200 0
2026-08-19 16:42:25 - selenium.webdriver.remote.remote_connection - DEBUG - Remote response: status=200 | data={"value":{"element-6066-11e4-a52e-4f735466cecf":"f.7C150CF39FD43042D79B72E355637178.d.C27C7DD702C4A2D2B563A309BDAA49A0.e.241"}} | headers=HTTPHeaderDict({'Content-Length': '127', 'Content-Type': 'application/json; charset=utf-8', 'cache-control': 'no-cache'})
2026-08-19 16:42:25 - selenium.webdriver.remote.remote_connection - DEBUG - Finished Request
2026-08-19 16:42:25 - selenium.webdriver.remote.remote_connection - DEBUG - GET http://localhost:52034/session/97cf10df55b3e30357a347ece4649c0f/element/f.7C150CF39FD43042D79B72E355637178.d.C27C7DD702C4A2D2B563A309BDAA49A0.e.241/text {}
2026-08-19 16:42:25 - urllib3.connectionpool - DEBUG - http://localhost:52034 "GET /session/97cf10df55b3e30357a347ece4649c0f/element/f.7C150CF39FD43042D79B72E355637178.d.C27C7DD702C4A2D2B563A309BDAA49A0.e.241/text HTTP/1.1" 200 0
2026-08-19 16:42:25 - selenium.webdriver.remote.remote_connection - DEBUG - Remote response: status=200 | data={"value":"11.8 years"} | headers=HTTPHeaderDict({'Content-Length': '22', 'Content-Type': 'application/json; charset=utf-8', 'cache-control': 'no-cache'})
2026-08-19 16:42:25 - selenium.webdriver.remote.remote_connection - DEBUG - Finished Request
2026-08-19 16:42:25 - scraper - INFO - Duration via RPA [symbolAvgDuration]: 11.8 years
2026-08-19 16:42:25 - scraper - INFO - SUCCESS VCLT: date=07/31/2026, duration=11.8 years
2026-08-19 16:42:25 - scraper - INFO - 
Scraped 3/3 products successfully
2026-08-19 16:42:25 - selenium.webdriver.remote.remote_connection - DEBUG - DELETE http://localhost:52034/session/97cf10df55b3e30357a347ece4649c0f {}
2026-08-19 16:42:25 - urllib3.connectionpool - DEBUG - http://localhost:52034 "DELETE /session/97cf10df55b3e30357a347ece4649c0f HTTP/1.1" 200 0
2026-08-19 16:42:25 - selenium.webdriver.remote.remote_connection - DEBUG - Remote response: status=200 | data={"value":null} | headers=HTTPHeaderDict({'Content-Length': '14', 'Content-Type': 'application/json; charset=utf-8', 'cache-control': 'no-cache'})
2026-08-19 16:42:25 - selenium.webdriver.remote.remote_connection - DEBUG - Finished Request
2026-08-19 16:42:27 - scraper - INFO - Browser closed
2026-08-19 16:42:27 - __main__ - INFO - Successfully scraped 3 products
2026-08-19 16:42:27 - parser - INFO - Parsing scraped data...
2026-08-19 16:42:27 - parser - INFO - Parsed 'as of' date: 2026-07-31
2026-08-19 16:42:27 - parser - INFO - VCIT: 6.0 years
2026-08-19 16:42:27 - parser - INFO - VCSH: 2.7 years
2026-08-19 16:42:27 - parser - INFO - VCLT: 11.8 years
2026-08-19 16:42:27 - parser - INFO - Loaded tracking state: as_of=2026-07-31 00:00:00, durations={'VANGUARDDD.INTERMEDIATETERMCORPORATEBONDETF.AVGDURATION.B': 6.0, 'VANGUARDDD.SHORTTERMCORPORATEBONDETF.AVGDURATION.B': 2.7, 'VANGUARDDD.LONGTERMCORPORATEBONDETF.AVGDURATION.B': 11.8}
2026-08-19 16:42:28 - parser - INFO - Loaded master data: 650 rows
2026-08-19 16:42:28 - parser - INFO - 
======================================================================
2026-08-19 16:42:28 - parser - INFO - DECISION LOGIC
2026-08-19 16:42:28 - parser - INFO - ======================================================================
2026-08-19 16:42:28 - parser - INFO - Today: 2026-08-19
2026-08-19 16:42:28 - parser - INFO - Scraped 'as of' date: 2026-07-31
2026-08-19 16:42:28 - parser - INFO - Scraped durations: {'VANGUARDDD.INTERMEDIATETERMCORPORATEBONDETF.AVGDURATION.B': 6.0, 'VANGUARDDD.SHORTTERMCORPORATEBONDETF.AVGDURATION.B': 2.7, 'VANGUARDDD.LONGTERMCORPORATEBONDETF.AVGDURATION.B': 11.8}
2026-08-19 16:42:28 - parser - INFO - Last 'as of' date: 2026-07-31
2026-08-19 16:42:28 - parser - INFO - Last durations: {'VANGUARDDD.INTERMEDIATETERMCORPORATEBONDETF.AVGDURATION.B': 6.0, 'VANGUARDDD.SHORTTERMCORPORATEBONDETF.AVGDURATION.B': 2.7, 'VANGUARDDD.LONGTERMCORPORATEBONDETF.AVGDURATION.B': 11.8}
2026-08-19 16:42:28 - parser - INFO - Decision: FORWARD-FILL (no changes)
2026-08-19 16:42:28 - parser - INFO - SCENARIO 1: FORWARD-FILL (no change detected)
2026-08-19 16:42:28 - parser - INFO - Row for 2026-08-19 already exists — skipping duplicate
2026-08-19 16:42:28 - parser - INFO - Saved master data: 650 rows
2026-08-19 16:42:28 - parser - INFO - Saved tracking state to D:\Projects\SIMBA-RUNBOOKS\VANGUARDDD_RunBook\Master\tracking_state.json
2026-08-19 16:42:28 - parser - INFO - ======================================================================

2026-08-19 16:42:28 - __main__ - INFO - Successfully updated master with 650 rows
2026-08-19 16:42:28 - file_generator - INFO - 
======================================================================
2026-08-19 16:42:28 - file_generator - INFO - GENERATING OUTPUT FILES
2026-08-19 16:42:28 - file_generator - INFO - ======================================================================
2026-08-19 16:42:28 - file_generator - INFO - Creating DATA file...
2026-08-19 16:42:28 - file_generator - INFO - Created DATA file: VANGUARDDD_DATA_20260819_164154.xlsx
2026-08-19 16:42:28 - file_generator - INFO - Creating META file...
2026-08-19 16:42:28 - file_generator - INFO - Created META file: VANGUARDDD_META_20260819_164154.xlsx
2026-08-19 16:42:28 - file_generator - INFO - Creating ZIP file...
2026-08-19 16:42:28 - file_generator - INFO - Added to ZIP: VANGUARDDD_DATA_20260819_164154.xlsx
2026-08-19 16:42:28 - file_generator - INFO - Added to ZIP: VANGUARDDD_META_20260819_164154.xlsx
2026-08-19 16:42:28 - file_generator - INFO - Created ZIP file: VANGUARDDD_20260819_164154.zip
2026-08-19 16:42:28 - file_generator - INFO - Copying files to 'latest' directory...
2026-08-19 16:42:28 - file_generator - INFO - Copied data_file: VANGUARDDD_DATA_20260819_164154.xlsx
2026-08-19 16:42:28 - file_generator - INFO - Copied meta_file: VANGUARDDD_META_20260819_164154.xlsx
2026-08-19 16:42:28 - file_generator - INFO - Copied zip_file: VANGUARDDD_20260819_164154.zip
2026-08-19 16:42:28 - file_generator - INFO - ======================================================================

2026-08-19 16:42:28 - __main__ - INFO - Orchestrator completed successfully
